// Jest Snapshot v1, https://goo.gl/fbAQLP

exports[`Should render DataTable correctly 1`] = `
<div
  className="table-wrapper"
>
  <table
    className="data-table"
  >
    <thead>
      <tr>
        <th
          onClick={[Function]}
        >
          <span
            className="column-sort"
          >
            Code
          </span>
        </th>
        <th
          onClick={[Function]}
        >
          <span
            className="column-sort"
          >
            First Name
            <img
              alt="First Name"
              src="sort-icon.png"
            />
          </span>
        </th>
        <th
          onClick={[Function]}
        >
          <span
            className="column-sort"
          >
            Last Name
            <img
              alt="Last Name"
              src="sort-icon.png"
            />
          </span>
        </th>
        <th
          onClick={[Function]}
        >
          <span
            className="column-sort"
          >
            Birthdate
          </span>
        </th>
        <th
          onClick={[Function]}
        >
          <span
            className="column-sort"
          >
            Email
          </span>
        </th>
        <th>
          Actions
        </th>
      </tr>
    </thead>
    <tbody>
      <tr>
        <td
          colSpan="5"
        >
          <div
            className="no-record-message"
          >
            No Record!
          </div>
        </td>
      </tr>
    </tbody>
  </table>
</div>
`;
